2026-01-10 20:17:37.516 | INFO     | main:lifespan:29 - 🚀 Starting AI Server...
2026-01-10 20:17:37.516 | ERROR    | app.services.recommendation_service:collection:59 - ❌ Chưa train! Chạy: python train.py
2026-01-10 20:17:37.516 | WARNING  | main:lifespan:36 - ⚠️ Chưa train! Chạy: python train.py
2026-01-10 20:17:37.517 | INFO     | main:lifespan:39 - 📖 API Docs: http://localhost:8000/docs
2026-01-10 20:18:06.236 | INFO     | main:lifespan:43 - 🛑 Shutting down...
2026-01-10 20:18:11.808 | INFO     | main:lifespan:29 - 🚀 Starting AI Server...
2026-01-10 20:18:12.082 | INFO     | app.services.recommendation_service:collection:69 - ✅ Loaded 200 posts từ ChromaDB
2026-01-10 20:18:12.083 | INFO     | main:lifespan:34 - ✅ Ready! 200 posts indexed
2026-01-10 20:18:12.084 | INFO     | main:lifespan:39 - 📖 API Docs: http://localhost:8000/docs
2026-01-10 20:18:40.241 | INFO     | main:lifespan:43 - 🛑 Shutting down...
2026-01-10 20:19:02.068 | INFO     | main:lifespan:29 - 🚀 Starting AI Server...
2026-01-10 20:19:02.338 | INFO     | app.services.recommendation_service:collection:69 - ✅ Loaded 200 posts từ ChromaDB
2026-01-10 20:19:02.339 | INFO     | main:lifespan:34 - ✅ Ready! 200 posts indexed
2026-01-10 20:19:02.340 | INFO     | main:lifespan:39 - 📖 API Docs: http://localhost:8000/docs
2026-01-10 20:19:11.006 | INFO     | main:lifespan:43 - 🛑 Shutting down...
2026-01-10 20:19:46.764 | INFO     | main:lifespan:29 - 🚀 Starting AI Server...
2026-01-10 20:19:47.052 | INFO     | app.services.recommendation_service:collection:69 - ✅ Loaded 200 posts từ ChromaDB
2026-01-10 20:19:47.053 | INFO     | main:lifespan:34 - ✅ Ready! 200 posts indexed
2026-01-10 20:19:47.053 | INFO     | main:lifespan:39 - 📖 API Docs: http://localhost:8000/docs
2026-01-10 20:19:55.686 | INFO     | main:lifespan:43 - 🛑 Shutting down...
2026-01-10 20:20:09.056 | INFO     | main:lifespan:29 - 🚀 Starting AI Server...
2026-01-10 20:20:09.316 | INFO     | app.services.recommendation_service:collection:69 - ✅ Loaded 200 posts từ ChromaDB
2026-01-10 20:20:09.317 | INFO     | main:lifespan:34 - ✅ Ready! 200 posts indexed
2026-01-10 20:20:09.318 | INFO     | main:lifespan:39 - 📖 API Docs: http://localhost:8000/docs
2026-01-10 20:20:23.197 | INFO     | app.services.recommendation_service:get_user_vector:160 - 👤 User 69241cbe006d259dc5ee4382: Found 38 interacted posts
2026-01-10 20:20:23.218 | ERROR    | app.services.recommendation_service:get_user_vector:205 - ❌ get_user_vector error: The truth value of an array with more than one element is ambiguous. Use a.any() or a.all()
2026-01-10 20:20:23.219 | INFO     | app.services.recommendation_service:recommend:331 - 👤 User 69241cbe006d259dc5ee4382: No interactions, using random preference
2026-01-10 20:20:23.235 | ERROR    | app.services.recommendation_service:recommend:404 - Recommend error: The truth value of an array with more than one element is ambiguous. Use a.any() or a.all()
2026-01-10 20:20:58.733 | INFO     | app.services.recommendation_service:get_user_vector:160 - 👤 User 69241cbe006d259dc5ee4382: Found 38 interacted posts
2026-01-10 20:20:58.736 | ERROR    | app.services.recommendation_service:get_user_vector:205 - ❌ get_user_vector error: The truth value of an array with more than one element is ambiguous. Use a.any() or a.all()
2026-01-10 20:20:58.736 | INFO     | app.services.recommendation_service:recommend:331 - 👤 User 69241cbe006d259dc5ee4382: No interactions, using random preference
2026-01-10 20:20:58.739 | ERROR    | app.services.recommendation_service:recommend:404 - Recommend error: The truth value of an array with more than one element is ambiguous. Use a.any() or a.all()
2026-01-10 20:21:07.170 | INFO     | app.services.recommendation_service:get_user_vector:160 - 👤 User 69241cbe006d259dc5ee4382: Found 38 interacted posts
2026-01-10 20:21:07.172 | ERROR    | app.services.recommendation_service:get_user_vector:205 - ❌ get_user_vector error: The truth value of an array with more than one element is ambiguous. Use a.any() or a.all()
2026-01-10 20:21:07.172 | INFO     | app.services.recommendation_service:recommend:331 - 👤 User 69241cbe006d259dc5ee4382: No interactions, using random preference
2026-01-10 20:21:07.175 | ERROR    | app.services.recommendation_service:recommend:404 - Recommend error: The truth value of an array with more than one element is ambiguous. Use a.any() or a.all()
2026-01-10 20:21:20.697 | INFO     | main:lifespan:29 - 🚀 Starting AI Server...
2026-01-10 20:21:20.958 | INFO     | app.services.recommendation_service:collection:69 - ✅ Loaded 200 posts từ ChromaDB
2026-01-10 20:21:20.959 | INFO     | main:lifespan:34 - ✅ Ready! 200 posts indexed
2026-01-10 20:21:20.959 | INFO     | main:lifespan:39 - 📖 API Docs: http://localhost:8000/docs
2026-01-10 20:21:32.542 | INFO     | app.services.recommendation_service:get_user_vector:160 - 👤 User 69241cbe006d259dc5ee4382: Found 38 interacted posts
2026-01-10 20:21:32.564 | ERROR    | app.services.recommendation_service:get_user_vector:213 - ❌ get_user_vector error: The truth value of an array with more than one element is ambiguous. Use a.any() or a.all()
2026-01-10 20:21:32.565 | INFO     | app.services.recommendation_service:recommend:339 - 👤 User 69241cbe006d259dc5ee4382: No interactions, using random preference
2026-01-10 20:21:32.604 | INFO     | app.services.recommendation_service:recommend:409 - 📰 Recommend 69241cbe006d259dc5ee4382: 0 interactions, 200 posts, page 1
2026-01-10 20:21:33.676 | INFO     | app.services.recommendation_service:get_user_vector:160 - 👤 User 69241cbe006d259dc5ee4382: Found 38 interacted posts
2026-01-10 20:21:33.678 | ERROR    | app.services.recommendation_service:get_user_vector:213 - ❌ get_user_vector error: The truth value of an array with more than one element is ambiguous. Use a.any() or a.all()
2026-01-10 20:21:33.678 | INFO     | app.services.recommendation_service:recommend:339 - 👤 User 69241cbe006d259dc5ee4382: No interactions, using random preference
2026-01-10 20:21:33.688 | INFO     | app.services.recommendation_service:recommend:409 - 📰 Recommend 69241cbe006d259dc5ee4382: 0 interactions, 200 posts, page 1
2026-01-10 20:22:14.340 | INFO     | main:lifespan:29 - 🚀 Starting AI Server...
2026-01-10 20:22:14.606 | INFO     | app.services.recommendation_service:collection:69 - ✅ Loaded 200 posts từ ChromaDB
2026-01-10 20:22:14.608 | INFO     | main:lifespan:34 - ✅ Ready! 200 posts indexed
2026-01-10 20:22:14.608 | INFO     | main:lifespan:39 - 📖 API Docs: http://localhost:8000/docs
2026-01-10 20:22:56.810 | ERROR    | app.services.recommendation_service:get_user_vector:214 - ❌ get_user_vector error: SSL handshake failed: ac-padhwkg-shard-00-01.f7sbfkn.mongodb.net:27017: _ssl.c:1001: The handshake operation timed out (configured timeouts: socketTimeoutMS: 20000.0ms, connectTimeoutMS: 20000.0ms),SSL handshake failed: ac-padhwkg-shard-00-02.f7sbfkn.mongodb.net:27017: _ssl.c:1001: The handshake operation timed out (configured timeouts: socketTimeoutMS: 20000.0ms, connectTimeoutMS: 20000.0ms),SSL handshake failed: ac-padhwkg-shard-00-00.f7sbfkn.mongodb.net:27017: _ssl.c:1001: The handshake operation timed out (configured timeouts: socketTimeoutMS: 20000.0ms, connectTimeoutMS: 20000.0ms), Timeout: 30s, Topology Description: <TopologyDescription id: 6962528efd369a03e1199150, topology_type: ReplicaSetNoPrimary, servers: [<ServerDescription ('ac-padhwkg-shard-00-00.f7sbfkn.mongodb.net', 27017) server_type: Unknown, rtt: None, error=NetworkTimeout('SSL handshake failed: ac-padhwkg-shard-00-00.f7sbfkn.mongodb.net:27017: _ssl.c:1001: The handshake operation timed out (configured timeouts: socketTimeoutMS: 20000.0ms, connectTimeoutMS: 20000.0ms)')>, <ServerDescription ('ac-padhwkg-shard-00-01.f7sbfkn.mongodb.net', 27017) server_type: Unknown, rtt: None, error=NetworkTimeout('SSL handshake failed: ac-padhwkg-shard-00-01.f7sbfkn.mongodb.net:27017: _ssl.c:1001: The handshake operation timed out (configured timeouts: socketTimeoutMS: 20000.0ms, connectTimeoutMS: 20000.0ms)')>, <ServerDescription ('ac-padhwkg-shard-00-02.f7sbfkn.mongodb.net', 27017) server_type: Unknown, rtt: None, error=NetworkTimeout('SSL handshake failed: ac-padhwkg-shard-00-02.f7sbfkn.mongodb.net:27017: _ssl.c:1001: The handshake operation timed out (configured timeouts: socketTimeoutMS: 20000.0ms, connectTimeoutMS: 20000.0ms)')>]>
2026-01-10 20:22:56.811 | INFO     | app.services.recommendation_service:recommend:340 - 👤 User 69241cbe006d259dc5ee4382: No interactions, using random preference
2026-01-10 20:22:56.859 | INFO     | app.services.recommendation_service:recommend:410 - 📰 Recommend 69241cbe006d259dc5ee4382: 0 interactions, 200 posts, page 1
2026-01-10 20:23:12.317 | INFO     | app.services.recommendation_service:get_user_vector:160 - 👤 User 69241cbe006d259dc5ee4382: Found 38 interacted posts
2026-01-10 20:23:12.341 | INFO     | app.services.recommendation_service:get_user_vector:210 - ✅ User 69241cbe006d259dc5ee4382: 19 embeddings → user vector ready
2026-01-10 20:23:12.347 | INFO     | app.services.recommendation_service:recommend:410 - 📰 Recommend 69241cbe006d259dc5ee4382: 19 interactions, 200 posts, page 1
2026-01-10 20:23:13.271 | INFO     | app.services.recommendation_service:get_user_vector:160 - 👤 User 69241cbe006d259dc5ee4382: Found 38 interacted posts
2026-01-10 20:23:13.273 | INFO     | app.services.recommendation_service:get_user_vector:210 - ✅ User 69241cbe006d259dc5ee4382: 19 embeddings → user vector ready
2026-01-10 20:23:13.280 | INFO     | app.services.recommendation_service:recommend:410 - 📰 Recommend 69241cbe006d259dc5ee4382: 19 interactions, 200 posts, page 1
2026-01-10 20:23:41.709 | INFO     | app.services.recommendation_service:get_user_vector:160 - 👤 User 69241cbe006d259dc5ee4382: Found 38 interacted posts
2026-01-10 20:23:41.712 | INFO     | app.services.recommendation_service:get_user_vector:210 - ✅ User 69241cbe006d259dc5ee4382: 19 embeddings → user vector ready
2026-01-10 20:23:41.720 | INFO     | app.services.recommendation_service:recommend:410 - 📰 Recommend 69241cbe006d259dc5ee4382: 19 interactions, 200 posts, page 2
2026-01-10 20:23:42.942 | INFO     | app.services.recommendation_service:get_user_vector:160 - 👤 User 69241cbe006d259dc5ee4382: Found 38 interacted posts
2026-01-10 20:23:42.945 | INFO     | app.services.recommendation_service:get_user_vector:210 - ✅ User 69241cbe006d259dc5ee4382: 19 embeddings → user vector ready
2026-01-10 20:23:42.952 | INFO     | app.services.recommendation_service:recommend:410 - 📰 Recommend 69241cbe006d259dc5ee4382: 19 interactions, 200 posts, page 1
2026-01-10 20:24:00.686 | INFO     | app.services.recommendation_service:get_user_vector:160 - 👤 User 69241cbe006d259dc5ee4382: Found 38 interacted posts
2026-01-10 20:24:00.689 | INFO     | app.services.recommendation_service:get_user_vector:210 - ✅ User 69241cbe006d259dc5ee4382: 19 embeddings → user vector ready
2026-01-10 20:24:00.694 | INFO     | app.services.recommendation_service:recommend:410 - 📰 Recommend 69241cbe006d259dc5ee4382: 19 interactions, 200 posts, page 2
2026-01-10 20:24:03.863 | INFO     | app.services.recommendation_service:get_user_vector:160 - 👤 User 69241d0d006d259dc5ee4387: Found 15 interacted posts
2026-01-10 20:24:03.864 | INFO     | app.services.recommendation_service:get_user_vector:210 - ✅ User 69241d0d006d259dc5ee4387: 8 embeddings → user vector ready
2026-01-10 20:24:03.870 | INFO     | app.services.recommendation_service:recommend:410 - 📰 Recommend 69241d0d006d259dc5ee4387: 8 interactions, 200 posts, page 1
2026-01-10 20:24:10.904 | INFO     | app.services.recommendation_service:get_user_vector:160 - 👤 User 69241cbe006d259dc5ee4382: Found 38 interacted posts
2026-01-10 20:24:10.906 | INFO     | app.services.recommendation_service:get_user_vector:210 - ✅ User 69241cbe006d259dc5ee4382: 19 embeddings → user vector ready
2026-01-10 20:24:10.911 | INFO     | app.services.recommendation_service:recommend:410 - 📰 Recommend 69241cbe006d259dc5ee4382: 19 interactions, 200 posts, page 2
2026-01-10 20:24:19.032 | INFO     | app.services.recommendation_service:get_user_vector:160 - 👤 User 69241d0d006d259dc5ee4387: Found 15 interacted posts
2026-01-10 20:24:19.034 | INFO     | app.services.recommendation_service:get_user_vector:210 - ✅ User 69241d0d006d259dc5ee4387: 8 embeddings → user vector ready
2026-01-10 20:24:19.041 | INFO     | app.services.recommendation_service:recommend:410 - 📰 Recommend 69241d0d006d259dc5ee4387: 8 interactions, 200 posts, page 2
2026-01-10 20:25:03.125 | INFO     | app.services.recommendation_service:get_user_vector:160 - 👤 User 69241cbe006d259dc5ee4382: Found 38 interacted posts
2026-01-10 20:25:03.127 | INFO     | app.services.recommendation_service:get_user_vector:210 - ✅ User 69241cbe006d259dc5ee4382: 19 embeddings → user vector ready
2026-01-10 20:25:03.135 | INFO     | app.services.recommendation_service:recommend:410 - 📰 Recommend 69241cbe006d259dc5ee4382: 19 interactions, 200 posts, page 1
2026-01-10 20:25:04.050 | INFO     | app.services.recommendation_service:get_user_vector:160 - 👤 User 69241d0d006d259dc5ee4387: Found 15 interacted posts
2026-01-10 20:25:04.053 | INFO     | app.services.recommendation_service:get_user_vector:210 - ✅ User 69241d0d006d259dc5ee4387: 8 embeddings → user vector ready
2026-01-10 20:25:04.059 | INFO     | app.services.recommendation_service:recommend:410 - 📰 Recommend 69241d0d006d259dc5ee4387: 8 interactions, 200 posts, page 1
2026-01-10 20:25:30.123 | INFO     | app.services.recommendation_service:get_user_vector:160 - 👤 User 69241cbe006d259dc5ee4382: Found 38 interacted posts
2026-01-10 20:25:30.125 | INFO     | app.services.recommendation_service:get_user_vector:210 - ✅ User 69241cbe006d259dc5ee4382: 19 embeddings → user vector ready
2026-01-10 20:25:30.133 | INFO     | app.services.recommendation_service:recommend:410 - 📰 Recommend 69241cbe006d259dc5ee4382: 19 interactions, 200 posts, page 1
2026-01-10 20:25:38.449 | INFO     | app.services.recommendation_service:get_user_vector:160 - 👤 User 69241cbe006d259dc5ee4382: Found 38 interacted posts
2026-01-10 20:25:38.452 | INFO     | app.services.recommendation_service:get_user_vector:210 - ✅ User 69241cbe006d259dc5ee4382: 19 embeddings → user vector ready
2026-01-10 20:25:38.462 | INFO     | app.services.recommendation_service:recommend:410 - 📰 Recommend 69241cbe006d259dc5ee4382: 19 interactions, 200 posts, page 2
2026-01-10 20:25:49.589 | INFO     | app.services.recommendation_service:get_user_vector:160 - 👤 User 69241d0d006d259dc5ee4387: Found 15 interacted posts
2026-01-10 20:25:49.591 | INFO     | app.services.recommendation_service:get_user_vector:210 - ✅ User 69241d0d006d259dc5ee4387: 8 embeddings → user vector ready
2026-01-10 20:25:49.599 | INFO     | app.services.recommendation_service:recommend:410 - 📰 Recommend 69241d0d006d259dc5ee4387: 8 interactions, 200 posts, page 1
2026-01-10 20:35:36.682 | INFO     | app.services.recommendation_service:get_user_vector:160 - 👤 User 69241d0d006d259dc5ee4387: Found 16 interacted posts
2026-01-10 20:35:36.684 | INFO     | app.services.recommendation_service:get_user_vector:210 - ✅ User 69241d0d006d259dc5ee4387: 9 embeddings → user vector ready
2026-01-10 20:35:36.690 | INFO     | app.services.recommendation_service:recommend:410 - 📰 Recommend 69241d0d006d259dc5ee4387: 9 interactions, 200 posts, page 1
2026-01-10 20:45:35.582 | INFO     | app.services.recommendation_service:get_user_vector:160 - 👤 User 69241cbe006d259dc5ee4382: Found 38 interacted posts
2026-01-10 20:45:35.586 | INFO     | app.services.recommendation_service:get_user_vector:210 - ✅ User 69241cbe006d259dc5ee4382: 19 embeddings → user vector ready
2026-01-10 20:45:35.596 | INFO     | app.services.recommendation_service:recommend:410 - 📰 Recommend 69241cbe006d259dc5ee4382: 19 interactions, 200 posts, page 1
2026-01-10 20:45:37.726 | INFO     | app.services.recommendation_service:get_user_vector:160 - 👤 User 69241cbe006d259dc5ee4382: Found 38 interacted posts
2026-01-10 20:45:37.729 | INFO     | app.services.recommendation_service:get_user_vector:210 - ✅ User 69241cbe006d259dc5ee4382: 19 embeddings → user vector ready
2026-01-10 20:45:37.735 | INFO     | app.services.recommendation_service:recommend:410 - 📰 Recommend 69241cbe006d259dc5ee4382: 19 interactions, 200 posts, page 2
